// Jest Snapshot v1, https://goo.gl/fbAQLP

exports[`Login Form Component should render a form 1`] = `
<div>
  <form
    class="MuiGrid-root MuiGrid-container MuiGrid-spacing-xs-2"
    novalidate=""
  >
    <div
      class="MuiGrid-root MuiGrid-item MuiGrid-grid-xs-12"
    >
      <div
        class="MuiFormControl-root MuiTextField-root MuiFormControl-fullWidth"
      >
        <label
          class="MuiFormLabel-root MuiInputLabel-root MuiInputLabel-formControl MuiInputLabel-animated MuiInputLabel-shrink Mui-focused Mui-focused Mui-required Mui-required"
          data-shrink="true"
          for="email"
          id="email-label"
        >
          Email
          <span
            aria-hidden="true"
            class="MuiFormLabel-asterisk MuiInputLabel-asterisk"
          >
             
            *
          </span>
        </label>
        <div
          class="MuiInputBase-root MuiInput-root makeStyles-root-1 makeStyles-root-6 MuiInput-underline makeStyles-underline-3 makeStyles-underline-7 MuiInputBase-fullWidth MuiInput-fullWidth Mui-focused Mui-focused MuiInputBase-formControl MuiInput-formControl"
        >
          <input
            aria-invalid="false"
            class="MuiInputBase-input MuiInput-input makeStyles-input-4 makeStyles-input-8"
            id="email"
            name="email"
            required=""
            type="email"
            value=""
          />
        </div>
      </div>
    </div>
    <div
      class="MuiGrid-root MuiGrid-item MuiGrid-grid-xs-12"
    >
      <div
        class="MuiFormControl-root MuiTextField-root MuiFormControl-fullWidth"
      >
        <label
          class="MuiFormLabel-root MuiInputLabel-root MuiInputLabel-formControl MuiInputLabel-animated Mui-required Mui-required"
          data-shrink="false"
          for="password"
          id="password-label"
        >
          Password
          <span
            aria-hidden="true"
            class="MuiFormLabel-asterisk MuiInputLabel-asterisk"
          >
             
            *
          </span>
        </label>
        <div
          class="MuiInputBase-root MuiInput-root makeStyles-root-1 makeStyles-root-14 MuiInput-underline makeStyles-underline-3 makeStyles-underline-15 MuiInputBase-fullWidth MuiInput-fullWidth MuiInputBase-formControl MuiInput-formControl MuiInputBase-adornedEnd"
        >
          <input
            aria-invalid="false"
            class="MuiInputBase-input MuiInput-input makeStyles-input-4 makeStyles-input-16 MuiInputBase-inputAdornedEnd"
            id="password"
            name="password"
            required=""
            type="password"
            value=""
          />
          <div
            class="MuiInputAdornment-root MuiInputAdornment-positionEnd"
          >
            <button
              aria-label="Password Visibility Toggle"
              class="MuiButtonBase-root MuiIconButton-root MuiIconButton-sizeSmall"
              tabindex="0"
              type="button"
            >
              <span
                class="MuiIconButton-label"
              >
                <svg
                  aria-hidden="true"
                  class="MuiSvgIcon-root makeStyles-root-12 makeStyles-root-13"
                  focusable="false"
                  viewBox="0 0 24 24"
                >
                  <path
                    d="M19.81 4.188A.654.654 0 0019.348 4a.664.664 0 00-.462.188l-2.222 2.178A14.61 14.61 0 0012 5.604c-7.455 0-12 5.556-12 6.417 0 .584 2.097 3.322 5.768 5.027l-1.938 1.9a.641.641 0 00-.205.458.63.63 0 00.192.462.656.656 0 00.472.188.665.665 0 00.466-.201L19.81 5.095a.64.64 0 00.192-.454.63.63 0 00-.192-.453zM7.637 12.02a4.24 4.24 0 011.279-3.024A4.412 4.412 0 0112 7.743a4.327 4.327 0 012.469.775l-.791.776A3.244 3.244 0 0012 8.812a3.31 3.31 0 00-2.313.942 3.18 3.18 0 00-.96 2.268c.004.582.175 1.152.49 1.644l-.79.776a4.13 4.13 0 01-.79-2.421zm11.561-4.54l-3.12 3.059c.185.473.282.975.285 1.482a4.24 4.24 0 01-1.279 3.023A4.413 4.413 0 0112 16.3a4.395 4.395 0 01-1.511-.28L8.469 18c1.154.29 2.34.437 3.531.44 7.456 0 12-5.557 12-6.418 0-.53-1.731-2.842-4.802-4.54z"
                    fill="currentColor"
                  />
                  <path
                    d="M12 15.23c.484 0 .963-.104 1.401-.306a3.258 3.258 0 001.132-.866c.307-.367.527-.797.644-1.258a3.14 3.14 0 00.031-1.407l-3.85 3.773c.212.042.427.063.642.064z"
                    fill="currentColor"
                  />
                </svg>
              </span>
              <span
                class="MuiTouchRipple-root"
              />
            </button>
          </div>
        </div>
      </div>
    </div>
    <div
      class="MuiBox-root MuiBox-root-19 MuiGrid-root MuiGrid-item MuiGrid-grid-xs-12"
    >
      <div
        class="MuiBox-root MuiBox-root-20"
      >
        <a
          class="MuiTypography-root MuiLink-root makeStyles-root-21 MuiLink-underlineHover MuiTypography-colorPrimary"
          href="/accounts/password/reset"
        >
          Forgot password?
        </a>
      </div>
    </div>
    <div
      class="MuiGrid-root MuiGrid-container MuiGrid-item MuiGrid-justify-content-xs-center MuiGrid-grid-xs-12"
    >
      <span
        style="cursor: not-allowed;"
      >
        <button
          class="MuiButtonBase-root MuiButton-root makeStyles-root-22 MuiButton-contained makeStyles-contained-24 MuiButton-containedPrimary makeStyles-containedPrimary-25 Mui-disabled makeStyles-disabled-23 Mui-disabled"
          disabled=""
          tabindex="-1"
          type="submit"
        >
          <span
            class="MuiButton-label"
          >
            Login
          </span>
        </button>
      </span>
    </div>
    <div
      class="MuiGrid-root MuiGrid-container MuiGrid-item MuiGrid-justify-content-xs-center MuiGrid-grid-xs-12"
    >
      <p
        class="MuiTypography-root MuiTypography-body1"
      >
        Don't have an account? 
        <a
          class="MuiTypography-root MuiLink-root makeStyles-root-21 MuiLink-underlineHover MuiTypography-colorPrimary"
          href="/accounts/register"
        >
          Sign Up
        </a>
      </p>
    </div>
  </form>
</div>
`;
